Microchip MPLAB XC8 Compiler V2.32

Linker command line:

-W-3 --edf=/opt/microchip/xc8/v2.32/pic/dat/en_msgs.txt -cn \
  -h+dist/default/production/car_black_box_project.X.production.sym \
  --cmf=dist/default/production/car_black_box_project.X.production.cmf -z \
  -Q16F877A -o/tmp/xcXbBkcbn --defsym=__MPLAB_BUILD=1 \
  -Mdist/default/production/car_black_box_project.X.production.map -E1 \
  -ver=XC8 Compiler --acfsm=1493 -ASTACK=0110h-016Fh -pstack=STACK \
  -ACODE=00h-07FFhx4 -ASTRCODE=00h-01FFFh -ASTRING=00h-0FFhx32 \
  -ACONST=00h-0FFhx32 -AENTRY=00h-0FFhx32 -ACOMMON=070h-07Fh \
  -ABANK0=020h-06Fh -ABANK1=0A0h-0EFh -ABANK2=0110h-016Fh \
  -ABANK3=0190h-01EFh -ARAM=020h-06Fh,0A0h-0EFh,0110h-016Fh,0190h-01EFh \
  -AABS1=020h-07Fh,0A0h-0EFh,0110h-016Fh,0190h-01EFh -ASFR0=00h-01Fh \
  -ASFR1=080h-09Fh -ASFR2=0100h-010Fh -ASFR3=0180h-018Fh \
  -ACONFIG=02007h-02007h -DCONFIG=2 -AIDLOC=02000h-02003h -DIDLOC=2 \
  -AEEDATA=00h-0FFh/02100h -peeprom_data=EEDATA -DEEDATA=2 -DCODE=2 \
  -DSTRCODE=2 -DSTRING=2 -DCONST=2 -DENTRY=2 \
  -preset_vec=00h,intentry=04h,init,end_init -ppowerup=CODE -pcinit=CODE \
  -pfunctab=ENTRY -k /tmp/xcXdDHPaO.o \
  dist/default/production/car_black_box_project.X.production.o 

Object code version is 3.11

Machine type is 16F877A



                Name                               Link     Load   Length Selector   Space Scale
/tmp/xcXdDHPaO.o
                end_init                             10       10        3        8       0
                reset_vec                             0        0        3        0       0
                config                             2007     2007        1        0       4
dist/default/production/car_black_box_project.X.production.o
                cinit                                13       13       37        8       0
                intentry                              4        4        C        8       0
                config                             2007     2007        1        0       4
                text57                             1F4D     1F4D       59     3E9A       0
                text56                             1CB9     1CB9       29     3972       0
                text55                              476      476      361        8       0
                text54                             14A0     14A0       7C     2940       0
                text53                             1655     1655       BC     2CAA       0
                text52                             12E9     12E9       69     25D2       0
                text51                             11C5     11C5       5B     238A       0
                text50                             1BE0     1BE0       20     37C0       0
                text49                             1D6E     1D6E       33     3ADC       0
                text48                             1B55     1B55       15     36AA       0
                text47                             1BC4     1BC4       1C     3788       0
                text46                             1BAB     1BAB       19     3756       0
                text45                             1AB4     1AB4        9     3568       0
                text44                             1ABD     1ABD        9     357A       0
                text43                             1ACF     1ACF        B     359E       0
                text42                             1CE2     1CE2       2A     39C4       0
                text41                             1C00     1C00       23     3800       0
                text40                             1E41     1E41       3E     3C82       0
                text39                              E01      E01      1FF     1C02       0
                text38                             1DA1     1DA1       34     3B42       0
                text37                             1AC6     1AC6        9     358C       0
                text36                             1DD5     1DD5       36     3BAA       0
                text35                              7D7      7D7       29        8       0
                text34                             15B0     15B0       A5     2B60       0
                text33                             1E7F     1E7F       3F     3CFE       0
                text32                             1EBE     1EBE       46     3D7C       0
                text31                              802      802       3A     1004       0
                text30                             13BD     13BD       6D     277A       0
                text29                             1E0B     1E0B       36     3C16       0
                text28                             151C     151C       94     2A38       0
                text27                             142A     142A       76     2854       0
                text26                             1C47     1C47       25     388E       0
                text25                             1ADA     1ADA        B     35B4       0
                text24                             1C6C     1C6C       26     38D8       0
                text23                             1711     1711       EF     2E22       0
                text22                             1B6A     1B6A       15     36D4       0
                text21                             1352     1352       6B     26A4       0
                text20                             1AE5     1AE5        B     35CA       0
                text19                             1AA6     1AA6        6     354C       0
                text18                             1C23     1C23       24     3846       0
                text17                             1B94     1B94       17     3728       0
                text16                             1B41     1B41       14     3682       0
                text15                             1AFC     1AFC        D     35F8       0
                text14                             1281     1281       68     2502       0
                text13                             1D3C     1D3C       32     3A78       0
                text12                             1D0C     1D0C       30     3A18       0
                text11                             1B7F     1B7F       15     36FE       0
                text10                             1F04     1F04       49     3E08       0
                text9                              117B     117B       4A     22F6       0
                text8                              1FA6     1FA6       5A     3F4C       0
                text7                               C69      C69      198     18D2       0
                text6                               83C      83C      111     1078       0
                text5                              1B09     1B09       12     3612       0
                text4                              1220     1220       61     2440       0
                text3                               AD6      AD6      193     15AC       0
                text2                              1C92     1C92       27     3924       0
                text1                               94D      94D      189     129A       0
                maintext                             4A       4A      42C        8       0
                cstackBANK0                          20       20       35       20       1
                cstackCOMMON                         70       70        9       70       1
                cstackBANK3                         190      190        E      190       1
                clrtext                            1AAC     1AAC        8     3558       0
                inittext                           1B1B     1B1B       13     3636       0
                dataBANK3                           19E      19E        C      190       1
                dataBANK1                            DB       DB       13       A0       1
                bssBANK1                             A0       A0       3B       A0       1
                bssBANK0                             55       55        F       20       1
                dataCOMMON                           7A       7A        1       70       1
                bssCOMMON                            79       79        1       70       1
                stringtext                         1000     1000      17A       20       0
                strings                            1800     1800       12     3000       0
                idataBANK3                         1AF0     1AF0        C     35E0       0
                idataBANK1                         1B2E     1B2E       13     365C       0
                idataCOMMON                           3        3        1        0       0

TOTAL           Name                               Link     Load   Length     Space
        CLASS   STACK          

        CLASS   CODE           
                end_init                             10       10        3         0
                cinit                                13       13       37         0
                intentry                              4        4        C         0
                reset_vec                             0        0        3         0
                text57                             1F4D     1F4D       59         0
                text56                             1CB9     1CB9       29         0
                text55                              476      476      361         0
                text54                             14A0     14A0       7C         0
                text53                             1655     1655       BC         0
                text52                             12E9     12E9       69         0
                text51                             11C5     11C5       5B         0
                text50                             1BE0     1BE0       20         0
                text49                             1D6E     1D6E       33         0
                text48                             1B55     1B55       15         0
                text47                             1BC4     1BC4       1C         0
                text46                             1BAB     1BAB       19         0
                text45                             1AB4     1AB4        9         0
                text44                             1ABD     1ABD        9         0
                text43                             1ACF     1ACF        B         0
                text42                             1CE2     1CE2       2A         0
                text41                             1C00     1C00       23         0
                text40                             1E41     1E41       3E         0
                text39                              E01      E01      1FF         0
                text38                             1DA1     1DA1       34         0
                text37                             1AC6     1AC6        9         0
                text36                             1DD5     1DD5       36         0
                text35                              7D7      7D7       29         0
                text34                             15B0     15B0       A5         0
                text33                             1E7F     1E7F       3F         0
                text32                             1EBE     1EBE       46         0
                text31                              802      802       3A         0
                text30                             13BD     13BD       6D         0
                text29                             1E0B     1E0B       36         0
                text28                             151C     151C       94         0
                text27                             142A     142A       76         0
                text26                             1C47     1C47       25         0
                text25                             1ADA     1ADA        B         0
                text24                             1C6C     1C6C       26         0
                text23                             1711     1711       EF         0
                text22                             1B6A     1B6A       15         0
                text21                             1352     1352       6B         0
                text20                             1AE5     1AE5        B         0
                text19                             1AA6     1AA6        6         0
                text18                             1C23     1C23       24         0
                text17                             1B94     1B94       17         0
                text16                             1B41     1B41       14         0
                text15                             1AFC     1AFC        D         0
                text14                             1281     1281       68         0
                text13                             1D3C     1D3C       32         0
                text12                             1D0C     1D0C       30         0
                text11                             1B7F     1B7F       15         0
                text10                             1F04     1F04       49         0
                text9                              117B     117B       4A         0
                text8                              1FA6     1FA6       5A         0
                text7                               C69      C69      198         0
                text6                               83C      83C      111         0
                text5                              1B09     1B09       12         0
                text4                              1220     1220       61         0
                text3                               AD6      AD6      193         0
                text2                              1C92     1C92       27         0
                text1                               94D      94D      189         0
                maintext                             4A       4A      42C         0
                clrtext                            1AAC     1AAC        8         0
                inittext                           1B1B     1B1B       13         0
                idataBANK3                         1AF0     1AF0        C         0
                idataBANK1                         1B2E     1B2E       13         0
                idataCOMMON                           3        3        1         0

        CLASS   STRCODE        
                stringtext                         1000     1000      17A         0

        CLASS   STRING         
                strings                            1800     1800       12         0

        CLASS   CONST          

        CLASS   ENTRY          

        CLASS   COMMON         
                cstackCOMMON                         70       70        9         1
                dataCOMMON                           7A       7A        1         1
                bssCOMMON                            79       79        1         1

        CLASS   BANK0          
                cstackBANK0                          20       20       35         1
                bssBANK0                             55       55        F         1

        CLASS   BANK1          
                dataBANK1                            DB       DB       13         1
                bssBANK1                             A0       A0       3B         1

        CLASS   BANK2          

        CLASS   BANK3          
                cstackBANK3                         190      190        E         1
                dataBANK3                           19E      19E        C         1

        CLASS   RAM            

        CLASS   ABS1           
                abs_s1                               7E       7E        2         1

        CLASS   SFR0           

        CLASS   SFR1           

        CLASS   SFR2           

        CLASS   SFR3           

        CLASS   CONFIG         
                config                             2007     2007        1         4

        CLASS   IDLOC          

        CLASS   EEDATA         



SEGMENTS        Name                           Load    Length   Top    Selector   Space  Class     Delta

                text56                         001CB9  000029  001CE2      3972       0  CODE        2
                text2                          001C92  000027  001CB9      3924       0  CODE        2
                text42                         001CE2  00002A  001D0C      39C4       0  CODE        2
                text13                         001D3C  000032  001D6E      3A78       0  CODE        2
                text12                         001D0C  000030  001D3C      3A18       0  CODE        2
                text41                         001C00  000023  001C23      3800       0  CODE        2
                text50                         001BE0  000020  001C00      37C0       0  CODE        2
                text18                         001C23  000024  001C47      3846       0  CODE        2
                text24                         001C6C  000026  001C92      38D8       0  CODE        2
                text26                         001C47  000025  001C6C      388E       0  CODE        2
                text33                         001E7F  00003F  001EBE      3CFE       0  CODE        2
                text40                         001E41  00003E  001E7F      3C82       0  CODE        2
                text32                         001EBE  000046  001F04      3D7C       0  CODE        2
                text9                          00117B  00004A  0011C5      22F6       0  CODE        2
                text10                         001F04  000049  001F4D      3E08       0  CODE        2
                text38                         001DA1  000034  001DD5      3B42       0  CODE        2
                text49                         001D6E  000033  001DA1      3ADC       0  CODE        2
                text36                         001DD5  000036  001E0B      3BAA       0  CODE        2
                text31                         000802  00003A  00083C      1004       0  CODE        2
                text29                         001E0B  000036  001E41      3C16       0  CODE        2
                text47                         001BC4  00001C  001BE0      3788       0  CODE        2
                text25                         001ADA  00000B  001AE5      35B4       0  CODE        2
                text43                         001ACF  00000B  001ADA      359E       0  CODE        2
                text20                         001AE5  00000B  001AF0      35CA       0  CODE        2
                text15                         001AFC  00000D  001B09      35F8       0  CODE        2
                idataBANK3                     001AF0  00000C  001AFC      35E0       0  CODE        2
                clrtext                        001AAC  000008  001AB4      3558       0  CODE        2
                text19                         001AA6  000006  001AAC      354C       0  CODE        2
                text45                         001AB4  000009  001ABD      3568       0  CODE        2
                text37                         001AC6  000009  001ACF      358C       0  CODE        2
                text44                         001ABD  000009  001AC6      357A       0  CODE        2
                text22                         001B6A  000015  001B7F      36D4       0  CODE        2
                text48                         001B55  000015  001B6A      36AA       0  CODE        2
                text11                         001B7F  000015  001B94      36FE       0  CODE        2
                text46                         001BAB  000019  001BC4      3756       0  CODE        2
                text17                         001B94  000017  001BAB      3728       0  CODE        2
                strings                        001800  000012  001812      3000       0  STRING      2
                text5                          001B09  000012  001B1B      3612       0  CODE        2
                inittext                       001B1B  000013  001B2E      3636       0  CODE        2
                text16                         001B41  000014  001B55      3682       0  CODE        2
                idataBANK1                     001B2E  000013  001B41      365C       0  CODE        2
                cstackBANK0                    000020  000044  000064        20       1  BANK0       1
                bssBANK1                       0000A0  00004E  0000EE        A0       1  BANK1       1
                reset_vec                      000000  000004  000004         0       0  CODE        2
                cstackBANK3                    000190  00001A  0001AA       190       1  BANK3       1
                intentry                       000004  0007FC  000800         8       0  CODE        2
                cstackCOMMON                   000070  00000B  00007B        70       1  COMMON      1
                text21                         001352  00006B  0013BD      26A4       0  CODE        2
                text52                         0012E9  000069  001352      25D2       0  CODE        2
                text30                         0013BD  00006D  00142A      277A       0  CODE        2
                text54                         0014A0  00007C  00151C      2940       0  CODE        2
                text27                         00142A  000076  0014A0      2854       0  CODE        2
                text8                          001FA6  00005A  002000      3F4C       0  CODE        2
                text57                         001F4D  000059  001FA6      3E9A       0  CODE        2
                text51                         0011C5  00005B  001220      238A       0  CODE        2
                text14                         001281  000068  0012E9      2502       0  CODE        2
                text4                          001220  000061  001281      2440       0  CODE        2
                text1                          00094D  000189  000AD6      129A       0  CODE        2
                stringtext                     001000  00017A  00117A        20       0  STRCODE     2
                text3                          000AD6  000193  000C69      15AC       0  CODE        2
                text39                         000E01  0001FF  001000      1C02       0  CODE        2
                text7                          000C69  000198  000E01      18D2       0  CODE        2
                text34                         0015B0  0000A5  001655      2B60       0  CODE        2
                text28                         00151C  000094  0015B0      2A38       0  CODE        2
                text53                         001655  0000BC  001711      2CAA       0  CODE        2
                text6                          00083C  000111  00094D      1078       0  CODE        2
                text23                         001711  0000EF  001800      2E22       0  CODE        2


UNUSED ADDRESS RANGES

        Name                Unused          Largest block    Delta
        BANK0            0064-006F              C           1
        BANK1            00EE-00EF              2           1
        BANK2            0110-016F             60           1
        BANK3            01AA-01EF             46           1
        CODE             0800-0801              2           2
                         117A-117A              1
                         1812-1AA5            294
        COMMON           007B-007D              3           1
        CONST            0800-0801              2           2
                         117A-117A              1
                         1812-1AA5            100
        EEDATA           2100-21FF            100           2
        ENTRY            0800-0801              2           2
                         117A-117A              1
                         1812-1AA5            100
        IDLOC            2000-2003              4           2
        RAM              0064-006F              C           1
                         00EE-00EF              2
                         0110-016F             60
                         01AA-01EF             46
        SFR0             0000-001F             20           1
        SFR1             0080-009F             20           1
        SFR2             0100-010F             10           1
        SFR3             0180-018F             10           1
        STACK            0110-016F             60           1
        STRCODE          0800-0801              2           2
                         117A-117A              1
                         1812-1AA5            294
        STRING           0800-0801              2           2
                         117A-117A              1
                         1812-1AA5            100

                                  Symbol Table

?__Umul8_16                                cstackCOMMON 0073
?___awdiv                                  cstackCOMMON 0073
?___awmod                                  cstackCOMMON 0073
?___flmul                                  cstackBANK0  002E
?___fltol                                  cstackBANK0  0048
?___lldiv                                  cstackBANK0  0020
?___lwdiv                                  cstackCOMMON 0073
?___lwmod                                  cstackCOMMON 0073
?___wmul                                   cstackCOMMON 0073
?___xxtofl                                 cstackBANK0  0020
?_i2c_read                                 cstackBANK0  0020
?_login_menu                               cstackBANK0  0026
?_read_adc                                 cstackCOMMON 0073
?_strncmp                                  cstackCOMMON 0073
_ACKDT                                     (abs)        048D
_ACKEN                                     (abs)        048C
_ACKSTAT                                   (abs)        048E
_ADCS0                                     (abs)        00FE
_ADCS1                                     (abs)        00FF
_ADCS2                                     (abs)        04FE
_ADFM                                      (abs)        04FF
_ADON                                      (abs)        00F8
_ADRESH                                    (abs)        001E
_ADRESL                                    (abs)        009E
_BCLIF                                     (abs)        006B
_CKE                                       (abs)        04A6
_CREN                                      (abs)        00C4
_GIE                                       (abs)        005F
_GO                                        (abs)        00FA
_PEIE                                      (abs)        005E
_PEN                                       (abs)        048A
_PORTB                                     (abs)        0006
_PORTD                                     (abs)        0008
_PR2                                       (abs)        0092
_RCEN                                      (abs)        048B
_RCIF                                      (abs)        0065
_RCREG                                     (abs)        001A
_RE1                                       (abs)        0049
_RE2                                       (abs)        004A
_RSEN                                      (abs)        0489
_R_nW                                      (abs)        04A2
_SEN                                       (abs)        0488
_SMP                                       (abs)        04A7
_SPBRG                                     (abs)        0099
_SPEN                                      (abs)        00C7
_SSPADD                                    (abs)        0093
_SSPBUF                                    (abs)        0013
_SSPCON                                    (abs)        0014
_SSPCON2                                   (abs)        0091
_SSPIF                                     (abs)        0063
_T2CKPS0                                   (abs)        0090
_T2CKPS1                                   (abs)        0091
_TMR2IE                                    (abs)        0461
_TMR2IF                                    (abs)        0061
_TMR2ON                                    (abs)        0092
_TRISB                                     (abs)        0086
_TRISC3                                    (abs)        043B
_TRISC4                                    (abs)        043C
_TRISD                                     (abs)        0088
_TRISE1                                    (abs)        0449
_TRISE2                                    (abs)        044A
_TXIF                                      (abs)        0064
_TXREG                                     (abs)        0019
__Habs1                                    abs1         0000
__Hbank0                                   bank0        0000
__Hbank1                                   bank1        0000
__Hbank2                                   bank2        0000
__Hbank3                                   bank3        0000
__HbssBANK0                                bssBANK0     0000
__HbssBANK1                                bssBANK1     0000
__HbssCOMMON                               bssCOMMON    0000
__Hcinit                                   cinit        004A
__Hclrtext                                 clrtext      0000
__Hcode                                    code         0000
__Hcommon                                  common       0000
__Hconfig                                  config       2008
__HcstackBANK0                             cstackBANK0  0000
__HcstackBANK3                             cstackBANK3  0000
__HcstackCOMMON                            cstackCOMMON 0000
__HdataBANK1                               dataBANK1    0000
__HdataBANK3                               dataBANK3    0000
__HdataCOMMON                              dataCOMMON   0000
__Heeprom_data                             eeprom_data  0000
__Hend_init                                end_init     0013
__Hfunctab                                 functab      0000
__HidataBANK1                              idataBANK1   0000
__HidataBANK3                              idataBANK3   0000
__HidataCOMMON                             idataCOMMON  0000
__Hinit                                    init         0010
__Hinittext                                inittext     0000
__Hintentry                                intentry     0010
__Hmaintext                                maintext     0000
__Hpowerup                                 powerup      0000
__Hram                                     ram          0000
__Hreset_vec                               reset_vec    0003
__Hsfr0                                    sfr0         0000
__Hsfr1                                    sfr1         0000
__Hsfr2                                    sfr2         0000
__Hsfr3                                    sfr3         0000
__Hspace_0                                 (abs)        2000
__Hspace_1                                 (abs)        01AA
__Hspace_2                                 (abs)        0000
__Hspace_3                                 (abs)        0000
__Hspace_4                                 (abs)        400F
__Hstack                                   stack        0000
__Hstrings                                 strings      0000
__Hstringtext                              stringtext   0000
__Htext                                    text         0000
__Labs1                                    abs1         0000
__Lbank0                                   bank0        0000
__Lbank1                                   bank1        0000
__Lbank2                                   bank2        0000
__Lbank3                                   bank3        0000
__LbssBANK0                                bssBANK0     0000
__LbssBANK1                                bssBANK1     0000
__LbssCOMMON                               bssCOMMON    0000
__Lcinit                                   cinit        0013
__Lclrtext                                 clrtext      0000
__Lcode                                    code         0000
__Lcommon                                  common       0000
__Lconfig                                  config       0000
__LcstackBANK0                             cstackBANK0  0000
__LcstackBANK3                             cstackBANK3  0000
__LcstackCOMMON                            cstackCOMMON 0000
__LdataBANK1                               dataBANK1    0000
__LdataBANK3                               dataBANK3    0000
__LdataCOMMON                              dataCOMMON   0000
__Leeprom_data                             eeprom_data  0000
__Lend_init                                end_init     0010
__Lfunctab                                 functab      0000
__LidataBANK1                              idataBANK1   0000
__LidataBANK3                              idataBANK3   0000
__LidataCOMMON                             idataCOMMON  0000
__Linit                                    init         0010
__Linittext                                inittext     0000
__Lintentry                                intentry     0004
__Lmaintext                                maintext     0000
__Lpowerup                                 powerup      0000
__Lram                                     ram          0000
__Lreset_vec                               reset_vec    0000
__Lsfr0                                    sfr0         0000
__Lsfr1                                    sfr1         0000
__Lsfr2                                    sfr2         0000
__Lsfr3                                    sfr3         0000
__Lspace_0                                 (abs)        0000
__Lspace_1                                 (abs)        0000
__Lspace_2                                 (abs)        0000
__Lspace_3                                 (abs)        0000
__Lspace_4                                 (abs)        0000
__Lstack                                   stack        0000
__Lstrings                                 strings      0000
__Lstringtext                              stringtext   0000
__Ltext                                    text         0000
__S0                                       (abs)        2000
__S1                                       (abs)        01AA
__S2                                       (abs)        0000
__S3                                       (abs)        0000
__Umul8_16                                 text56       1CB9
__Umul8_16@multiplicand                    cstackCOMMON 0073
__Umul8_16@multiplier                      cstackBANK0  0024
__Umul8_16@product                         cstackBANK0  0020
__Umul8_16@word_mpld                       cstackBANK0  0022
___awdiv                                   text52       12E9
___awdiv@counter                           cstackBANK0  0020
___awdiv@dividend                          cstackCOMMON 0075
___awdiv@divisor                           cstackCOMMON 0073
___awdiv@quotient                          cstackBANK0  0022
___awdiv@sign                              cstackBANK0  0021
___awmod                                   text51       11C5
___awmod@counter                           cstackBANK0  0020
___awmod@dividend                          cstackCOMMON 0075
___awmod@divisor                           cstackCOMMON 0073
___awmod@sign                              cstackBANK0  0021
___bmul                                    text11       1B7F
___bmul@multiplicand                       cstackCOMMON 0073
___bmul@multiplier                         cstackCOMMON 0076
___bmul@product                            cstackCOMMON 0075
___flmul                                   text55       0476
___flmul@a                                 cstackBANK0  0032
___flmul@aexp                              cstackBANK0  003C
___flmul@b                                 cstackBANK0  002E
___flmul@bexp                              cstackBANK0  0041
___flmul@grs                               cstackBANK0  003D
___flmul@prod                              cstackBANK0  0042
___flmul@sign                              cstackBANK0  003B
___flmul@temp                              cstackBANK0  0046
___fltol                                   text54       14A0
___fltol@exp1                              cstackCOMMON 0078
___fltol@f1                                cstackBANK0  0048
___fltol@sign1                             cstackCOMMON 0077
___int_sp                                  stack        0000
___latbits                                 (abs)        0002
___lldiv                                   text14       1281
___lldiv@counter                           cstackCOMMON 0078
___lldiv@dividend                          cstackBANK0  0024
___lldiv@divisor                           cstackBANK0  0020
___lldiv@quotient                          cstackCOMMON 0074
___lwdiv                                   text32       1EBE
___lwdiv@counter                           cstackBANK0  0020
___lwdiv@dividend                          cstackCOMMON 0075
___lwdiv@divisor                           cstackCOMMON 0073
___lwdiv@quotient                          cstackBANK0  0021
___lwmod                                   text31       0802
___lwmod@counter                           cstackCOMMON 0078
___lwmod@dividend                          cstackCOMMON 0075
___lwmod@divisor                           cstackCOMMON 0073
___sp                                      stack        0000
___stackhi                                 (abs)        0000
___stacklo                                 (abs)        0000
___wmul                                    text26       1C47
___wmul@multiplicand                       cstackCOMMON 0075
___wmul@multiplier                         cstackCOMMON 0073
___wmul@product                            cstackCOMMON 0077
___xxtofl                                  text53       1655
___xxtofl@arg                              cstackBANK0  002A
___xxtofl@exp                              cstackBANK0  0029
___xxtofl@sign                             cstackBANK0  0028
___xxtofl@val                              cstackBANK0  0020
__end_of__Umul8_16                         text56       1CE2
__end_of___awdiv                           text52       1352
__end_of___awmod                           text51       1220
__end_of___bmul                            text11       1B94
__end_of___flmul                           text55       07D7
__end_of___fltol                           text54       151C
__end_of___lldiv                           text14       12E9
__end_of___lwdiv                           text32       1F04
__end_of___lwmod                           text31       083C
__end_of___wmul                            text26       1C6C
__end_of___xxtofl                          text53       1711
__end_of__initialization                   cinit        0046
__end_of__stringtab                        strings      1812
__end_of_change_password                   text34       1655
__end_of_clcd_print                        text49       1DA1
__end_of_clcd_putch                        text48       1B6A
__end_of_clcd_write                        text50       1C00
__end_of_clear_log                         text33       1EBE
__end_of_confirm_change_password           text39       1000
__end_of_delay_ms                          text47       1BE0
__end_of_display_dash_board                text27       14A0
__end_of_display_time                      text30       142A
__end_of_download_log                      text23       1800
__end_of_eeprom_at24c04_byte_write         text42       1D0C
__end_of_eeprom_at24c04_random_read        text36       1E0B
__end_of_eeprom_at24c04_str_write          text41       1C23
__end_of_get_password                      text35       0800
__end_of_get_time                          text28       15B0
__end_of_i2c_read                          text38       1DD5
__end_of_i2c_rep_start                     text37       1ACF
__end_of_i2c_start                         text45       1ABD
__end_of_i2c_stop                          text44       1AC6
__end_of_i2c_wait_for_idle                 text46       1BC4
__end_of_i2c_write                         text43       1ADA
__end_of_init_adc                          text22       1B7F
__end_of_init_clcd                         text20       1AF0
__end_of_init_config                       text12       1D3C
__end_of_init_digital_keypad               text19       1AAC
__end_of_init_display_controller           text21       13BD
__end_of_init_ds1307                       text17       1BAB
__end_of_init_i2c                          text16       1B55
__end_of_init_timer2                       text15       1B09
__end_of_init_uart                         text13       1D6E
__end_of_isr                               text57       1FA6
__end_of_log_car_event                     text8        2000
__end_of_log_event                         text10       1F4D
__end_of_login                             text7        0E01
__end_of_login_menu                        text6        094D
__end_of_main                              maintext     0476
__end_of_putchar                           text25       1AE5
__end_of_puts                              text24       1C92
__end_of_read_adc                          text5        1B1B
__end_of_read_digital_keypad               text4        1281
__end_of_read_ds1307                       text29       1E41
__end_of_set_time                          text3        0C69
__end_of_strcpy                            text2        1CB9
__end_of_strncmp                           text40       1E7F
__end_of_strncpy                           text9        11C5
__end_of_view_log                          text1        0AD6
__end_of_write_ds1307                      text18       1C47
__initialization                           cinit        0013
__pbssBANK0                                bssBANK0     0055
__pbssBANK1                                bssBANK1     00A0
__pbssCOMMON                               bssCOMMON    0079
__pcstackBANK0                             cstackBANK0  0020
__pcstackBANK3                             cstackBANK3  0190
__pcstackCOMMON                            cstackCOMMON 0070
__pdataBANK1                               dataBANK1    00DB
__pdataBANK3                               dataBANK3    019E
__pdataCOMMON                              dataCOMMON   007A
__pidataBANK1                              idataBANK1   1B2E
__pidataBANK3                              idataBANK3   1AF0
__pidataCOMMON                             idataCOMMON  0003
__pintentry                                intentry     0004
__pmaintext                                maintext     004A
__pstrings                                 strings      1800
__pstringtext                              stringtext   1000
__ptext1                                   text1        094D
__ptext10                                  text10       1F04
__ptext11                                  text11       1B7F
__ptext12                                  text12       1D0C
__ptext13                                  text13       1D3C
__ptext14                                  text14       1281
__ptext15                                  text15       1AFC
__ptext16                                  text16       1B41
__ptext17                                  text17       1B94
__ptext18                                  text18       1C23
__ptext19                                  text19       1AA6
__ptext2                                   text2        1C92
__ptext20                                  text20       1AE5
__ptext21                                  text21       1352
__ptext22                                  text22       1B6A
__ptext23                                  text23       1711
__ptext24                                  text24       1C6C
__ptext25                                  text25       1ADA
__ptext26                                  text26       1C47
__ptext27                                  text27       142A
__ptext28                                  text28       151C
__ptext29                                  text29       1E0B
__ptext3                                   text3        0AD6
__ptext30                                  text30       13BD
__ptext31                                  text31       0802
__ptext32                                  text32       1EBE
__ptext33                                  text33       1E7F
__ptext34                                  text34       15B0
__ptext35                                  text35       07D7
__ptext36                                  text36       1DD5
__ptext37                                  text37       1AC6
__ptext38                                  text38       1DA1
__ptext39                                  text39       0E01
__ptext4                                   text4        1220
__ptext40                                  text40       1E41
__ptext41                                  text41       1C00
__ptext42                                  text42       1CE2
__ptext43                                  text43       1ACF
__ptext44                                  text44       1ABD
__ptext45                                  text45       1AB4
__ptext46                                  text46       1BAB
__ptext47                                  text47       1BC4
__ptext48                                  text48       1B55
__ptext49                                  text49       1D6E
__ptext5                                   text5        1B09
__ptext50                                  text50       1BE0
__ptext51                                  text51       11C5
__ptext52                                  text52       12E9
__ptext53                                  text53       1655
__ptext54                                  text54       14A0
__ptext55                                  text55       0476
__ptext56                                  text56       1CB9
__ptext57                                  text57       1F4D
__ptext6                                   text6        083C
__ptext7                                   text7        0C69
__ptext8                                   text8        1FA6
__ptext9                                   text9        117B
__size_of__Umul8_16                        (abs)        0000
__size_of___awdiv                          (abs)        0000
__size_of___awmod                          (abs)        0000
__size_of___bmul                           (abs)        0000
__size_of___flmul                          (abs)        0000
__size_of___fltol                          (abs)        0000
__size_of___lldiv                          (abs)        0000
__size_of___lwdiv                          (abs)        0000
__size_of___lwmod                          (abs)        0000
__size_of___wmul                           (abs)        0000
__size_of___xxtofl                         (abs)        0000
__size_of_change_password                  (abs)        0000
__size_of_clcd_print                       (abs)        0000
__size_of_clcd_putch                       (abs)        0000
__size_of_clcd_write                       (abs)        0000
__size_of_clear_log                        (abs)        0000
__size_of_confirm_change_password          (abs)        0000
__size_of_delay_ms                         (abs)        0000
__size_of_display_dash_board               (abs)        0000
__size_of_display_time                     (abs)        0000
__size_of_download_log                     (abs)        0000
__size_of_eeprom_at24c04_byte_write        (abs)        0000
__size_of_eeprom_at24c04_random_read       (abs)        0000
__size_of_eeprom_at24c04_str_write         (abs)        0000
__size_of_get_password                     (abs)        0000
__size_of_get_time                         (abs)        0000
__size_of_i2c_read                         (abs)        0000
__size_of_i2c_rep_start                    (abs)        0000
__size_of_i2c_start                        (abs)        0000
__size_of_i2c_stop                         (abs)        0000
__size_of_i2c_wait_for_idle                (abs)        0000
__size_of_i2c_write                        (abs)        0000
__size_of_init_adc                         (abs)        0000
__size_of_init_clcd                        (abs)        0000
__size_of_init_config                      (abs)        0000
__size_of_init_digital_keypad              (abs)        0000
__size_of_init_display_controller          (abs)        0000
__size_of_init_ds1307                      (abs)        0000
__size_of_init_i2c                         (abs)        0000
__size_of_init_timer2                      (abs)        0000
__size_of_init_uart                        (abs)        0000
__size_of_isr                              (abs)        0000
__size_of_log_car_event                    (abs)        0000
__size_of_log_event                        (abs)        0000
__size_of_login                            (abs)        0000
__size_of_login_menu                       (abs)        0000
__size_of_main                             (abs)        0000
__size_of_putchar                          (abs)        0000
__size_of_puts                             (abs)        0000
__size_of_read_adc                         (abs)        0000
__size_of_read_digital_keypad              (abs)        0000
__size_of_read_ds1307                      (abs)        0000
__size_of_set_time                         (abs)        0000
__size_of_strcpy                           (abs)        0000
__size_of_strncmp                          (abs)        0000
__size_of_strncpy                          (abs)        0000
__size_of_view_log                         (abs)        0000
__size_of_write_ds1307                     (abs)        0000
__stringbase                               strings      1812
__stringtab                                strings      1800
_access                                    dataBANK1    00EA
_change_password                           text34       15B0
_clcd_print                                text49       1D6E
_clcd_putch                                text48       1B55
_clcd_write                                text50       1BE0
_clear_log                                 text33       1E7F
_clock_reg                                 bssBANK0     0055
_confirm_change_password                   text39       0E01
_delay_ms                                  text47       1BC4
_display_dash_board                        text27       142A
_display_time                              text30       13BD
_download_log                              text23       1711
_eeprom_at24c04_byte_write                 text42       1CE2
_eeprom_at24c04_random_read                text36       1DD5
_eeprom_at24c04_str_write                  text41       1C00
_flag                                      bssBANK1     00AC
_gear                                      dataBANK3    019E
_get_password                              text35       07D7
_get_time                                  text28       151C
_i2c_read                                  text38       1DA1
_i2c_rep_start                             text37       1AC6
_i2c_start                                 text45       1AB4
_i2c_stop                                  text44       1ABD
_i2c_wait_for_idle                         text46       1BAB
_i2c_write                                 text43       1ACF
_init_adc                                  text22       1B6A
_init_clcd                                 text20       1AE5
_init_config                               text12       1D0C
_init_digital_keypad                       text19       1AA6
_init_display_controller                   text21       1352
_init_ds1307                               text17       1B94
_init_i2c                                  text16       1B41
_init_timer2                               text15       1AFC
_init_uart                                 text13       1D3C
_isr                                       text57       1F4D
_log                                       bssBANK1     00B6
_log_car_event                             text8        1FA6
_log_event                                 text10       1F04
_login                                     text7        0C69
_login_menu                                text6        083C
_main                                      maintext     004A
_menu                                      dataBANK1    00DB
_overflow                                  bssBANK1     00B5
_pos                                       dataBANK1    00EC
_putchar                                   text25       1ADA
_puts                                      text24       1C6C
_read_adc                                  text5        1B09
_read_digital_keypad                       text4        1220
_read_ds1307                               text29       1E0B
_return_time                               bssBANK1     00AE
_sec                                       bssBANK0     005E
_set_time                                  text3        0AD6
_spassword                                 bssBANK1     00D2
_strcpy                                    text2        1C92
_strncmp                                   text40       1E41
_strncpy                                   text9        117B
_time                                      bssBANK1     00C1
_view_log                                  text1        094D
_write_ds1307                              text18       1C23
btemp                                      (abs)        007E
change_password@i                          bssBANK0     005A
change_password@key                        cstackBANK0  002E
change_password@r_password                 bssBANK1     00CD
change_password@reset_pwd                  cstackBANK0  002C
clcd_print@addr                            cstackBANK0  0022
clcd_print@data                            cstackBANK0  0020
clcd_putch@addr                            cstackBANK0  0024
clcd_putch@data                            cstackBANK0  0025
clcd_write@byte                            cstackCOMMON 0076
clcd_write@mode                            cstackCOMMON 0073
clear_log@reset_memory                     cstackCOMMON 0078
clear_ram0                                 clrtext      1AAC
confirm_change_password@attempt_remaining  bssBANK1     00B1
confirm_change_password@changed_password   cstackBANK0  0026
confirm_change_password@confirmed_password bssBANK1     00C8
confirm_change_password@i                  bssBANK0     0058
confirm_change_password@key                cstackBANK0  0028
delay_ms@_dcnt                             cstackCOMMON 0076
delay_ms@count                             cstackCOMMON 0074
delay_ms@i                                 cstackCOMMON 0075
display_dash_board@event                   cstackBANK0  002E
display_dash_board@speed                   cstackBANK0  002B
download_log@addr                          cstackBANK0  0036
download_log@i                             cstackBANK0  0038
download_log@read_data                     cstackBANK0  002B
download_log@read_pos                      bssBANK1     00A8
download_log@reset_download                cstackBANK0  0035
eeprom_at24c04_byte_write@data             cstackBANK0  0020
eeprom_at24c04_byte_write@memory_loc       cstackBANK0  0021
eeprom_at24c04_random_read@memory_loc      cstackBANK0  0027
eeprom_at24c04_random_read@received_data   cstackBANK0  0028
eeprom_at24c04_str_write@data              cstackBANK0  0022
eeprom_at24c04_str_write@memory_loc        cstackBANK0  0024
end_of_initialization                      cinit        0046
get_password@i                             cstackBANK0  002A
i2c_read@ack                               cstackBANK0  0024
i2c_read@i2c_read_data                     cstackBANK0  0025
i2c_write@i2c_write_data                   cstackCOMMON 0078
init_ds1307@dummy                          cstackBANK0  002A
init_fetch0                                inittext     1B1B
init_ram0                                  inittext     1B1F
init_uart@baud                             cstackBANK0  0028
interrupt_function                         intentry     0004
intlevel0                                  functab      0000
intlevel1                                  functab      0000
intlevel2                                  functab      0000
intlevel3                                  functab      0000
intlevel4                                  functab      0000
intlevel5                                  functab      0000
isr@count                                  bssBANK1     00A2
log_car_event@event                        cstackBANK0  002B
log_car_event@speed                        cstackBANK0  002D
log_event@addr                             cstackBANK0  0027
login@attempt_remaining                    bssBANK1     00B4
login@i                                    bssBANK0     0062
login@key                                  cstackBANK0  002E
login@npassword                            bssBANK1     00D7
login@reset_password                       cstackBANK0  002C
login_menu@key                             cstackBANK0  002B
login_menu@menu_pos                        bssBANK0     005C
login_menu@reset_menu                      cstackBANK0  0026
login_menu@select_pos                      dataBANK1    00E8
main@F1021                                 dataBANK1    00E5
main@control_flag                          cstackBANK3  019C
main@event                                 cstackBANK3  0194
main@gr                                    cstackBANK3  0197
main@key                                   cstackBANK3  019D
main@menu_pos                              cstackBANK3  0192
main@reset_flag                            cstackBANK3  019B
main@speed                                 cstackBANK3  0199
main@wait                                  cstackBANK3  0190
putchar@data                               cstackCOMMON 0073
puts@s                                     cstackCOMMON 0074
read_adc@reg_val                           cstackCOMMON 0075
read_digital_keypad@longpress              bssBANK0     0063
read_digital_keypad@mode                   cstackCOMMON 0074
read_digital_keypad@once                   dataCOMMON   007A
read_digital_keypad@pre_key                bssCOMMON    0079
read_ds1307@address                        cstackBANK0  0027
read_ds1307@data                           cstackBANK0  0028
reset_vec                                  reset_vec    0000
saved_w                                    (abs)        007E
set_time@cursor_pos                        bssBANK0     0060
set_time@flag                              bssBANK1     00B2
set_time@key                               cstackBANK0  002E
set_time@pos                               bssBANK0     0061
set_time@reset_time                        cstackBANK0  002B
set_time@set_flag                          bssBANK1     00B3
set_time@wait                              bssBANK1     00A6
start                                      init         0010
start_initialization                       cinit        0013
strcpy@cp                                  cstackCOMMON 0076
strcpy@from                                cstackCOMMON 0073
strcpy@to                                  cstackCOMMON 0077
strncmp@len                                cstackCOMMON 0074
strncmp@s1                                 cstackCOMMON 0078
strncmp@s2                                 cstackCOMMON 0073
strncpy@cp                                 cstackCOMMON 0078
strncpy@from                               cstackCOMMON 0073
strncpy@size                               cstackCOMMON 0075
strncpy@to                                 cstackCOMMON 0077
view_log@add                               cstackBANK0  0037
view_log@i                                 cstackBANK0  003B
view_log@key                               cstackBANK0  0038
view_log@reset_shift                       cstackBANK0  0029
view_log@rlog                              cstackBANK0  002C
view_log@rpos                              cstackBANK0  0039
view_log@shift                             bssBANK1     00AA
write_ds1307@address                       cstackBANK0  0021
write_ds1307@data                          cstackBANK0  0020
wtemp0                                     (abs)        007E


MODULE INFORMATION

Module		Function		Class		Link	Load	Size
/opt/microchip/xc8/v2.32/pic/sources/c90/common/strncpy.c
		_strncpy       		CODE           	117B	0000	74

/opt/microchip/xc8/v2.32/pic/sources/c90/common/strncpy.c estimated size: 74

/opt/microchip/xc8/v2.32/pic/sources/c90/common/__lldiv.c
		___lldiv       		CODE           	1281	0000	104

/opt/microchip/xc8/v2.32/pic/sources/c90/common/__lldiv.c estimated size: 104

timers.c
		_init_timer2   		CODE           	1AFC	0000	13

timers.c estimated size: 13

/opt/microchip/xc8/v2.32/pic/sources/c90/common/lwdiv.c
		___lwdiv       		CODE           	1EBE	0000	70

/opt/microchip/xc8/v2.32/pic/sources/c90/common/lwdiv.c estimated size: 70

delay.c
		_delay_ms      		CODE           	1BC4	0000	28

delay.c estimated size: 28

/opt/microchip/xc8/v2.32/pic/sources/c90/common/awdiv.c
		___awdiv       		CODE           	12E9	0000	105

/opt/microchip/xc8/v2.32/pic/sources/c90/common/awdiv.c estimated size: 105

digital_keypad.c
		_init_digital_keypad		CODE           	1AA6	0000	6
		_read_digital_keypad		CODE           	1220	0000	97

digital_keypad.c estimated size: 103

/opt/microchip/xc8/v2.32/pic/sources/c90/common/fltol.c
		___fltol       		CODE           	14A0	0000	124

/opt/microchip/xc8/v2.32/pic/sources/c90/common/fltol.c estimated size: 124

uart.c
		_init_uart     		CODE           	1D3C	0000	50
		_puts          		CODE           	1C6C	0000	38
		_putchar       		CODE           	1ADA	0000	11

uart.c estimated size: 99

/opt/microchip/xc8/v2.32/pic/sources/c90/common/Umul8.c
		___bmul        		CODE           	1B7F	0000	21

/opt/microchip/xc8/v2.32/pic/sources/c90/common/Umul8.c estimated size: 21

i2c.c
		_i2c_start     		CODE           	1AB4	0000	9
		_i2c_rep_start 		CODE           	1AC6	0000	9
		_i2c_write     		CODE           	1ACF	0000	11
		_i2c_stop      		CODE           	1ABD	0000	9
		_i2c_read      		CODE           	1DA1	0000	52
		_init_i2c      		CODE           	1B41	0000	20
		_i2c_wait_for_idle		CODE           	1BAB	0000	25

i2c.c estimated size: 135

/opt/microchip/xc8/v2.32/pic/sources/c90/common/Umul16.c
		___wmul        		CODE           	1C47	0000	37

/opt/microchip/xc8/v2.32/pic/sources/c90/common/Umul16.c estimated size: 37

ds1307.c
		_read_ds1307   		CODE           	1E0B	0000	54
		_write_ds1307  		CODE           	1C23	0000	36
		_init_ds1307   		CODE           	1B94	0000	23

ds1307.c estimated size: 113

helper.c
		_view_log      		CODE           	094D	0000	393
		_log_car_event 		CODE           	1FA6	0000	90
		_confirm_change_password		CODE           	0E01	0000	511
		_display_time  		CODE           	13BD	0000	109
		_get_password  		CODE           	07D7	0000	41
		_change_password		CODE           	15B0	0000	165
		_get_time      		CODE           	151C	0000	148
		_display_dash_board		CODE           	142A	0000	118
		_download_log  		CODE           	1711	0000	239
		_log_event     		CODE           	1F04	0000	73
		_login_menu    		CODE           	083C	0000	273
		_set_time      		CODE           	0AD6	0000	403
		_clear_log     		CODE           	1E7F	0000	63
		_login         		CODE           	0C69	0000	408

helper.c estimated size: 3034

adc.c
		_init_adc      		CODE           	1B6A	0000	21
		_read_adc      		CODE           	1B09	0000	18

adc.c estimated size: 39

isr.c
		_isr           		CODE           	1F4D	0000	89

isr.c estimated size: 89

shared
		__stringtab    		STRING         	1800	0000	18
		__initialization		CODE           	0013	0000	51

shared estimated size: 69

clcd.c
		_clcd_write    		CODE           	1BE0	0000	32
		_clcd_print    		CODE           	1D6E	0000	51
		_clcd_putch    		CODE           	1B55	0000	21
		_init_display_controller		CODE           	1352	0000	107
		_init_clcd     		CODE           	1AE5	0000	11

clcd.c estimated size: 222

/opt/microchip/xc8/v2.32/pic/sources/c90/common/lwmod.c
		___lwmod       		CODE           	0802	0000	58

/opt/microchip/xc8/v2.32/pic/sources/c90/common/lwmod.c estimated size: 58

/opt/microchip/xc8/v2.32/pic/sources/c90/common/Umul8_16.c
		__Umul8_16     		CODE           	1CB9	0000	41

/opt/microchip/xc8/v2.32/pic/sources/c90/common/Umul8_16.c estimated size: 41

/opt/microchip/xc8/v2.32/pic/sources/c90/common/awmod.c
		___awmod       		CODE           	11C5	0000	91

/opt/microchip/xc8/v2.32/pic/sources/c90/common/awmod.c estimated size: 91

at24c04.c
		_eeprom_at24c04_random_read		CODE           	1DD5	0000	54
		_eeprom_at24c04_byte_write		CODE           	1CE2	0000	42
		_eeprom_at24c04_str_write		CODE           	1C00	0000	35

at24c04.c estimated size: 131

/opt/microchip/xc8/v2.32/pic/sources/c90/common/xxtofl.c
		___xxtofl      		CODE           	1655	0000	188

/opt/microchip/xc8/v2.32/pic/sources/c90/common/xxtofl.c estimated size: 188

main.c
		_main          		CODE           	004A	0000	1068
		_init_config   		CODE           	1D0C	0000	48

main.c estimated size: 1116

/opt/microchip/xc8/v2.32/pic/sources/c90/common/strcpy.c
		_strcpy        		CODE           	1C92	0000	39

/opt/microchip/xc8/v2.32/pic/sources/c90/common/strcpy.c estimated size: 39

/opt/microchip/xc8/v2.32/pic/sources/c90/common/strncmp.c
		_strncmp       		CODE           	1E41	0000	62

/opt/microchip/xc8/v2.32/pic/sources/c90/common/strncmp.c estimated size: 62

/opt/microchip/xc8/v2.32/pic/sources/c90/common/sprcmul.c
		___flmul       		CODE           	0476	0000	865

/opt/microchip/xc8/v2.32/pic/sources/c90/common/sprcmul.c estimated size: 865

